// Jest Snapshot v1, https://goo.gl/fbAQLP

exports[`should render the component 1`] = `
<div>
  <div
    class="my-8"
  >
    <div
      class="flex flex-wrap items-center justify-center"
    >
      <img
        alt="Loading icon"
        height="200"
        src="/loading.gif"
        width="200"
      />
      <div
        class="w-full text-center"
      >
        test
      </div>
    </div>
  </div>
</div>
`;
