// Jest Snapshot v1, https://goo.gl/fbAQLP

exports[`should render the component 1`] = `
<div>
  <div
    class="fixed left-0 top-0 z-50 flex h-14 w-full items-center justify-between bg-slate-900 px-4 py-2 text-xl text-white"
  >
    <a
      href="/"
    >
      Internship Application System
    </a>
    <button
      title="Logout"
    >
      <svg
        aria-hidden="true"
        class="MuiSvgIcon-root MuiSvgIcon-fontSizeMedium css-i4bv87-MuiSvgIcon-root"
        data-testid="LogoutIcon"
        focusable="false"
        viewBox="0 0 24 24"
      >
        <path
          d="m17 7-1.41 1.41L18.17 11H8v2h10.17l-2.58 2.58L17 17l5-5zM4 5h8V3H4c-1.1 0-2 .9-2 2v14c0 1.1.9 2 2 2h8v-2H4V5z"
        />
      </svg>
    </button>
  </div>
  <div
    class="h-14 w-full py-2"
  />
</div>
`;
